<?xml version="1.0" encoding="utf-8"?><testsuites name="pytest tests"><testsuite name="pytest" errors="0" failures="0" skipped="0" tests="16" time="4.717" timestamp="2026-04-04T00:39:09.059822-04:00" hostname="BugWriter"><testcase classname="tests.test_health" name="test_health_endpoint" time="0.395" /><testcase classname="tests.test_shortener" name="test_list_urls_starts_empty" time="0.211" /><testcase classname="tests.test_shortener" name="test_create_url_requires_original_url" time="0.216" /><testcase classname="tests.test_shortener" name="test_create_url_rejects_non_http_url" time="0.208" /><testcase classname="tests.test_shortener" name="test_create_url_success" time="0.259" /><testcase classname="tests.test_shortener" name="test_create_url_defaults_to_first_user" time="0.325" /><testcase classname="tests.test_shortener" name="test_get_url_by_id" time="0.277" /><testcase classname="tests.test_shortener" name="test_get_url_not_found" time="0.232" /><testcase classname="tests.test_shortener" name="test_list_urls_filter_active_and_user" time="0.397" /><testcase classname="tests.test_shortener" name="test_redirect_active_short_code" time="0.331" /><testcase classname="tests.test_shortener" name="test_redirect_logs_click_event" time="0.277" /><testcase classname="tests.test_shortener" name="test_redirect_unknown_code_404" time="0.225" /><testcase classname="tests.test_shortener" name="test_redirect_inactive_404" time="0.292" /><testcase classname="tests.test_shortener" name="test_deactivate_url" time="0.402" /><testcase classname="tests.test_shortener" name="test_events_filter_url_id" time="0.324" /><testcase classname="tests.test_shortener" name="test_post_urls_creates_event" time="0.285" /></testsuite></testsuites>